
00:45 +344 -1: C:/Users/n/paykari_bazar/test/unit/ai_service_test.dart: Day 2: AI Service Tests (20 tests) AI Service 
Configuration 18. Mock providers can be injected into AIService [E]
00:45 +344 -1: C:/Users/n/paykari_bazar/test/unit/ai_service_test.dart: Day 2: AI Service Tests (20 tests) AI Service 
Configuration 19. AIService is ready with mock providers
00:45 +344 -2: C:/Users/n/paykari_bazar/test/unit/ai_service_test.dart: Day 2: AI Service Tests (20 tests) AI Service 
Configuration 19. AIService is ready with mock providers [E]
00:45 +344 -2: C:/Users/n/paykari_bazar/test/unit/ai_service_test.dart: Day 2: AI Service Tests (20 tests) AI Service 
Configuration 20. Provider names accessible from AIService
00:45 +345 -2: C:/Users/n/paykari_bazar/test/unit/ai_service_test.dart: (tearDownAll)
00:45 +345 -2: C:/Users/n/paykari_bazar/test/unit/core_services_test.dart: Day 3: Core Service Tests (33 tests) 
BackupService - Backup & Restore (5 tests) 1. Performs full backup successfully
00:45 +346 -2: C:/Users/n/paykari_bazar/test/unit/core_services_test.dart: Day 3: Core Service Tests (33 tests) 
BackupService - Backup & Restore (5 tests) 2. Restores data from backup file
00:45 +347 -2: C:/Users/n/paykari_bazar/test/unit/core_services_test.dart: Day 3: Core Service Tests (33 tests) 
BackupService - Backup & Restore (5 tests) 3. Retrieves backup history metadata
00:45 +348 -2: C:/Users/n/paykari_bazar/test/unit/core_services_test.dart: Day 3: Core Service Tests (33 tests) 
BackupService - Backup & Restore (5 tests) 4. Tracks background backup for user
00:45 +349 -2: C:/Users/n/paykari_bazar/test/unit/core_services_test.dart: Day 3: Core Service Tests (33 tests) 
BackupService - Backup & Restore (5 tests) 5. Validates restore URL format
00:45 +350 -2: C:/Users/n/paykari_bazar/test/unit/core_services_test.dart: Day 3: Core Service Tests (33 tests) 
FirebasePaginationService - Cursor Pagination (5 tests) 6. Pagination state includes items field
00:45 +351 -2: C:/Users/n/paykari_bazar/test/unit/core_services_test.dart: Day 3: Core Service Tests (33 tests) 
FirebasePaginationService - Cursor Pagination (5 tests) 7. Cursor-based next page handling
00:45 +352 -2: C:/Users/n/paykari_bazar/test/unit/core_services_test.dart: Day 3: Core Service Tests (33 tests) 
FirebasePaginationService - Cursor Pagination (5 tests) 8. Filtering supports where clauses
00:45 +353 -2: C:/Users/n/paykari_bazar/test/unit/core_services_test.dart: Day 3: Core Service Tests (33 tests) 
FirebasePaginationService - Cursor Pagination (5 tests) 9. Last page detection with hasMore flag
00:45 +354 -2: C:/Users/n/paykari_bazar/test/unit/core_services_test.dart: Day 3: Core Service Tests (33 tests) 
FirebasePaginationService - Cursor Pagination (5 tests) 10. Collection count tracking
00:45 +355 -2: C:/Users/n/paykari_bazar/test/unit/core_services_test.dart: Day 3: Core Service Tests (33 tests) 
ApiQuotaService - Rate Limiting via Quota (10 tests) 11. Quota service tracks providers
00:45 +356 -2: C:/Users/n/paykari_bazar/test/unit/core_services_test.dart: Day 3: Core Service Tests (33 tests) 
ApiQuotaService - Rate Limiting via Quota (10 tests) 12. Returns quota status with remaining field
00:45 +357 -2: C:/Users/n/paykari_bazar/test/unit/core_services_test.dart: Day 3: Core Service Tests (33 tests) 
ApiQuotaService - Rate Limiting via Quota (10 tests) 13. Normalizes provider keys to lowercase
00:45 +358 -2: C:/Users/n/paykari_bazar/test/unit/core_services_test.dart: Day 3: Core Service Tests (33 tests) 
ApiQuotaService - Rate Limiting via Quota (10 tests) 14. Tracks per-provider usage independently
00:45 +359 -2: C:/Users/n/paykari_bazar/test/unit/core_services_test.dart: Day 3: Core Service Tests (33 tests) 
ApiQuotaService - Rate Limiting via Quota (10 tests) 15. Detects quota exhaustion
00:45 +360 -2: C:/Users/n/paykari_bazar/test/unit/core_services_test.dart: Day 3: Core Service Tests (33 tests) 
ApiQuotaService - Rate Limiting via Quota (10 tests) 16. Handles daily quota reset
00:45 +361 -2: C:/Users/n/paykari_bazar/test/unit/core_services_test.dart: Day 3: Core Service Tests (33 tests) 
ApiQuotaService - Rate Limiting via Quota (10 tests) 17. Provides quota status under high usage
00:45 +362 -2: C:/Users/n/paykari_bazar/test/unit/core_services_test.dart: Day 3: Core Service Tests (33 tests) 
ApiQuotaService - Rate Limiting via Quota (10 tests) 18. Supports multiple provider rotation
00:45 +363 -2: C:/Users/n/paykari_bazar/test/unit/core_services_test.dart: Day 3: Core Service Tests (33 tests) 
ApiQuotaService - Rate Limiting via Quota (10 tests) 19. Validates quota limit values
00:45 +364 -2: C:/Users/n/paykari_bazar/test/unit/core_services_test.dart: Day 3: Core Service Tests (33 tests) 
ApiQuotaService - Rate Limiting via Quota (10 tests) 20. Returns accurate quota representation
00:45 +365 -2: C:/Users/n/paykari_bazar/test/unit/core_services_test.dart: Day 3: Core Service Tests (33 tests) 
SecureAuthService - Biometric & Secure Storage (8 tests) 21. Service initializes without errors
00:45 +366 -2: C:/Users/n/paykari_bazar/test/unit/core_services_test.dart: Day 3: Core Service Tests (33 tests) 
SecureAuthService - Biometric & Secure Storage (8 tests) 22. Biometric availability detection
00:45 +367 -2: C:/Users/n/paykari_bazar/test/unit/core_services_test.dart: Day 3: Core Service Tests (33 tests) 
SecureAuthService - Biometric & Secure Storage (8 tests) 23. Lists available biometric types
00:45 +368 -2: C:/Users/n/paykari_bazar/test/unit/core_services_test.dart: Day 3: Core Service Tests (33 tests) 
SecureAuthService - Biometric & Secure Storage (8 tests) 24. Requires biometric for payment
00:45 +369 -2: C:/Users/n/paykari_bazar/test/unit/core_services_test.dart: Day 3: Core Service Tests (33 tests) 
SecureAuthService - Biometric & Secure Storage (8 tests) 25. Stores tokens in secure storage
00:45 +370 -2: C:/Users/n/paykari_bazar/test/unit/core_services_test.dart: Day 3: Core Service Tests (33 tests) 
SecureAuthService - Biometric & Secure Storage (8 tests) 26. Retrieves secure tokens
00:45 +371 -2: C:/Users/n/paykari_bazar/test/unit/core_services_test.dart: Day 3: Core Service Tests (33 tests) 
SecureAuthService - Biometric & Secure Storage (8 tests) 27. Deletes secure data on logout
00:45 +372 -2: C:/Users/n/paykari_bazar/test/unit/core_services_test.dart: Day 3: Core Service Tests (33 tests) 
SecureAuthService - Biometric & Secure Storage (8 tests) 28. Handles biometric failure gracefully
00:45 +373 -2: C:/Users/n/paykari_bazar/test/unit/core_services_test.dart: Day 3: Core Service Tests (33 tests) 
EncryptionService - AES-256 Encryption (5 tests) 29. Encrypts plaintext to base64 format
00:45 +374 -2: C:/Users/n/paykari_bazar/test/unit/core_services_test.dart: Day 3: Core Service Tests (33 tests) 
EncryptionService - AES-256 Encryption (5 tests) 30. Decrypts base64 back to plaintext
00:45 +375 -2: C:/Users/n/paykari_bazar/test/unit/core_services_test.dart: Day 3: Core Service Tests (33 tests) 
EncryptionService - AES-256 Encryption (5 tests) 31. Encrypts payment card information
00:45 +376 -2: C:/Users/n/paykari_bazar/test/unit/core_services_test.dart: Day 3: Core Service Tests (33 tests) 
EncryptionService - AES-256 Encryption (5 tests) 32. Encrypts PII and health records
00:45 +377 -2: C:/Users/n/paykari_bazar/test/unit/core_services_test.dart: Day 3: Core Service Tests (33 tests) 
EncryptionService - AES-256 Encryption (5 tests) 33. Validates encryption key strength
00:45 +378 -2: loading C:/Users/n/paykari_bazar/test/unit/encryption_test.dart
00:49 +378 -2: C:/Users/n/paykari_bazar/test/unit/encryption_test.dart: EncryptionService Unit Tests Encrypt and 
Decrypt String
00:49 +379 -2: C:/Users/n/paykari_bazar/test/unit/encryption_test.dart: EncryptionService Unit Tests Encrypt and 
Decrypt JSON
00:49 +380 -2: C:/Users/n/paykari_bazar/test/unit/encryption_test.dart: EncryptionService Unit Tests PII Data 
Encryption
00:51 +381 -2: C:/Users/n/paykari_bazar/test/unit/firestore_service_test.dart: FirestoreService Tests Placeholder 
Test: Structure Ready
00:52 +382 -2: C:/Users/n/paykari_bazar/test/unit/models_test.dart: Day 4: Model Tests (25+ tests) AddressModel - 
Address Serialization 1. AddressModel toMap serialization works correctly
00:52 +383 -2: C:/Users/n/paykari_bazar/test/unit/models_test.dart: Day 4: Model Tests (25+ tests) AddressModel - 
Address Serialization 2. AddressModel fromMap deserialization works correctly
00:52 +384 -2: C:/Users/n/paykari_bazar/test/unit/models_test.dart: Day 4: Model Tests (25+ tests) AddressModel - 
Address Serialization 3. AddressModel fullAddress computed getter works
00:52 +385 -2: C:/Users/n/paykari_bazar/test/unit/models_test.dart: Day 4: Model Tests (25+ tests) UserModel - User 
Profile Management 1. UserModel toMap includes all fields
00:52 +386 -2: C:/Users/n/paykari_bazar/test/unit/models_test.dart: Day 4: Model Tests (25+ tests) UserModel - User 
Profile Management 2. UserModel fromMap restores all fields
00:52 +387 -2: C:/Users/n/paykari_bazar/test/unit/models_test.dart: Day 4: Model Tests (25+ tests) UserModel - User 
Profile Management 3. UserModel with multiple addresses
00:52 +388 -2: C:/Users/n/paykari_bazar/test/unit/models_test.dart: Day 4: Model Tests (25+ tests) Variant - Product 
Variants 1. Variant toMap serialization
00:52 +389 -2: C:/Users/n/paykari_bazar/test/unit/models_test.dart: Day 4: Model Tests (25+ tests) Variant - Product 
Variants 2. Variant fromMap deserialization
00:52 +390 -2: C:/Users/n/paykari_bazar/test/unit/models_test.dart: Day 4: Model Tests (25+ tests) Product - 
E-commerce Products 1. Product toMap includes commerce fields
00:52 +391 -2: C:/Users/n/paykari_bazar/test/unit/models_test.dart: Day 4: Model Tests (25+ tests) Product - 
E-commerce Products 2. Product fromMap deserializes correctly
00:52 +392 -2: C:/Users/n/paykari_bazar/test/unit/models_test.dart: Day 4: Model Tests (25+ tests) Product - 
E-commerce Products 3. Product with variants
00:52 +393 -2: C:/Users/n/paykari_bazar/test/unit/models_test.dart: Day 4: Model Tests (25+ tests) Product - 
E-commerce Products 4. Product tiered pricing
00:52 +394 -2: C:/Users/n/paykari_bazar/test/unit/models_test.dart: Day 4: Model Tests (25+ tests) CartItem - Shopping 
Cart Items 1. CartItem subtotal calculation
00:52 +395 -2: C:/Users/n/paykari_bazar/test/unit/models_test.dart: Day 4: Model Tests (25+ tests) CartItem - Shopping 
Cart Items 2. CartItem quantity mutation
00:52 +396 -2: C:/Users/n/paykari_bazar/test/unit/models_test.dart: Day 4: Model Tests (25+ tests) CartState - 
Shopping Cart State Management 1. CartState totalAmount calculation
00:52 +397 -2: C:/Users/n/paykari_bazar/test/unit/models_test.dart: Day 4: Model Tests (25+ tests) CartState - 
Shopping Cart State Management 2. CartState itemCount
00:52 +398 -2: C:/Users/n/paykari_bazar/test/unit/models_test.dart: Day 4: Model Tests (25+ tests) CartState - 
Shopping Cart State Management 3. CartState copyWith method
00:52 +399 -2: C:/Users/n/paykari_bazar/test/unit/models_test.dart: Day 4: Model Tests (25+ tests) OrderItem - Order 
Items 1. OrderItem toMap serialization
00:52 +400 -2: C:/Users/n/paykari_bazar/test/unit/models_test.dart: Day 4: Model Tests (25+ tests) OrderItem - Order 
Items 2. OrderItem fromMap deserialization
00:52 +401 -2: C:/Users/n/paykari_bazar/test/unit/models_test.dart: Day 4: Model Tests (25+ tests) Order - Order 
Management 1. Order toMap includes all fields
00:52 +402 -2: C:/Users/n/paykari_bazar/test/unit/models_test.dart: Day 4: Model Tests (25+ tests) Order - Order 
Management 2. Order fromMap deserialization
00:52 +403 -2: C:/Users/n/paykari_bazar/test/unit/models_test.dart: Day 4: Model Tests (25+ tests) Order - Order 
Management 3. Order status transitions
00:52 +404 -2: C:/Users/n/paykari_bazar/test/unit/models_test.dart: Day 4: Model Tests (25+ tests) Doctor - Healthcare 
Provider Profile 1. Doctor toMap serialization
00:52 +405 -2: C:/Users/n/paykari_bazar/test/unit/models_test.dart: Day 4: Model Tests (25+ tests) Doctor - Healthcare 
Provider Profile 2. Doctor fromMap deserialization
00:52 +406 -2: C:/Users/n/paykari_bazar/test/unit/models_test.dart: Day 4: Model Tests (25+ tests) BloodDonor - Blood 
Donation Registry 1. BloodDonor toMap serialization
00:52 +407 -2: C:/Users/n/paykari_bazar/test/unit/models_test.dart: Day 4: Model Tests (25+ tests) BloodDonor - Blood 
Donation Registry 2. BloodDonor fromMap deserialization
00:52 +408 -2: C:/Users/n/paykari_bazar/test/unit/models_test.dart: Day 4: Model Tests (25+ tests) Review - Product 
Reviews & Ratings 1. Review toMap serialization
00:52 +409 -2: C:/Users/n/paykari_bazar/test/unit/models_test.dart: Day 4: Model Tests (25+ tests) Review - Product 
Reviews & Ratings 2. Review fromMap deserialization
00:52 +410 -2: C:/Users/n/paykari_bazar/test/unit/models_test.dart: Day 4: Model Tests (25+ tests) BackupItem - Data 
Backup Management 1. BackupItem toMap serialization
00:52 +411 -2: C:/Users/n/paykari_bazar/test/unit/models_test.dart: Day 4: Model Tests (25+ tests) BackupItem - Data 
Backup Management 2. BackupItem fromMap deserialization
00:52 +412 -2: C:/Users/n/paykari_bazar/test/unit/models_test.dart: Day 4: Model Tests (25+ tests) Cross-Model 
Integration - Model Dependencies 1. User with addresses and orders
00:52 +413 -2: C:/Users/n/paykari_bazar/test/unit/models_test.dart: Day 4: Model Tests (25+ tests) Cross-Model 
Integration - Model Dependencies 2. Product with variants and reviews
00:53 +414 -2: C:/Users/n/paykari_bazar/test/unit/order_model_test.dart: OrderItem Tests OrderItem creation
00:53 +415 -2: C:/Users/n/paykari_bazar/test/unit/order_model_test.dart: OrderItem Tests OrderItem serialization
00:53 +416 -2: C:/Users/n/paykari_bazar/test/unit/order_model_test.dart: OrderStatus Tests OrderStatus display strings
00:53 +417 -2: C:/Users/n/paykari_bazar/test/unit/order_model_test.dart: OrderStatus Tests OrderStatus fromString
00:53 +418 -2: C:/Users/n/paykari_bazar/test/unit/order_model_test.dart: Order Tests Order creation
00:53 +419 -2: C:/Users/n/paykari_bazar/test/unit/order_model_test.dart: Order Tests Order serialization
00:53 +420 -2: C:/Users/n/paykari_bazar/test/unit/order_model_test.dart: Order Tests Order copyWith
00:53 +421 -2: C:/Users/n/paykari_bazar/test/unit/order_model_test.dart: Order Tests Order canBeCancelled
00:53 +422 -2: C:/Users/n/paykari_bazar/test/unit/order_model_test.dart: Order Tests Order isDelivered
00:53 +423 -2: C:/Users/n/paykari_bazar/test/unit/order_model_test.dart: Order Tests Order getOrderSummary
00:53 +424 -2: C:/Users/n/paykari_bazar/test/unit/order_model_test.dart: Order Tests Order with Firestore Timestamp
00:53 +425 -2: C:/Users/n/paykari_bazar/test/unit/order_model_test.dart: Order Tests Order with items
00:53 +426 -2: C:/Users/n/paykari_bazar/test/unit/order_model_test.dart: Order Calculations Order math validation
00:54 +427 -2: C:/Users/n/paykari_bazar/test/unit/product_model_test.dart: Product Model Tests Variant creation and 
serialization
00:54 +428 -2: C:/Users/n/paykari_bazar/test/unit/product_model_test.dart: Product Model Tests Variant toMap and 
fromMap
00:54 +429 -2: C:/Users/n/paykari_bazar/test/unit/product_model_test.dart: Product Model Tests Product creation with 
all fields
00:54 +430 -2: C:/Users/n/paykari_bazar/test/unit/product_model_test.dart: Product Model Tests Product discounted 
price calculation
00:54 +431 -2: C:/Users/n/paykari_bazar/test/unit/product_model_test.dart: Product Model Tests Product margin 
calculation
00:54 +432 -2: C:/Users/n/paykari_bazar/test/unit/product_model_test.dart: Product Model Tests Product with tiered 
pricing
00:54 +433 -2: C:/Users/n/paykari_bazar/test/unit/product_model_test.dart: Product Model Tests Product with variants
00:54 +434 -2: C:/Users/n/paykari_bazar/test/unit/product_model_test.dart: Product Model Tests Product FilterType enum
00:54 +435 -2: C:/Users/n/paykari_bazar/test/unit/product_model_test.dart: Product Model Tests Product AI fields
00:57 +436 -2: C:/Users/n/paykari_bazar/test/unit/quota_service_test.dart: ApiQuotaService Unit Tests Provider Key 
Normalization
00:57 +437 -2: C:/Users/n/paykari_bazar/test/unit/quota_service_test.dart: ApiQuotaService Unit Tests QuotaData Model 
Logic
00:57 +438 -2: C:/Users/n/paykari_bazar/test/unit/quota_service_test.dart: ApiQuotaService Unit Tests Exhausted status 
blocks quota
00:58 +439 -2: C:/Users/n/paykari_bazar/test/widgets/basic_widgets_test.dart: Day 5: Widget Tests (30+ tests) Widget 
Foundation - Basic Rendering 1. MaterialApp renders successfully
00:59 +440 -2: C:/Users/n/paykari_bazar/test/widgets/basic_widgets_test.dart: Day 5: Widget Tests (30+ tests) Widget 
Foundation - Basic Rendering 2. Scaffold renders with AppBar and Body
00:59 +441 -2: C:/Users/n/paykari_bazar/test/widgets/basic_widgets_test.dart: Day 5: Widget Tests (30+ tests) Widget 
Foundation - Basic Rendering 3. Basic Text widget rendering
00:59 +442 -2: C:/Users/n/paykari_bazar/test/widgets/basic_widgets_test.dart: Day 5: Widget Tests (30+ tests) ListTile 
- Item List Components 1. ListTile renders with title and subtitle
00:59 +443 -2: C:/Users/n/paykari_bazar/test/widgets/basic_widgets_test.dart: Day 5: Widget Tests (30+ tests) ListTile 
- Item List Components 2. ListTile responds to tap
00:59 +444 -2: C:/Users/n/paykari_bazar/test/widgets/basic_widgets_test.dart: Day 5: Widget Tests (30+ tests) ListTile 
- Item List Components 3. ListTile with leading icon
00:59 +445 -2: C:/Users/n/paykari_bazar/test/widgets/basic_widgets_test.dart: Day 5: Widget Tests (30+ tests) Button - 
Interactive Elements 1. ElevatedButton renders and responds
00:59 +446 -2: C:/Users/n/paykari_bazar/test/widgets/basic_widgets_test.dart: Day 5: Widget Tests (30+ tests) Button - 
Interactive Elements 2. TextButton renders correctly
01:00 +447 -2: C:/Users/n/paykari_bazar/test/widgets/basic_widgets_test.dart: Day 5: Widget Tests (30+ tests) Button - 
Interactive Elements 3. FloatingActionButton functionality
01:00 +448 -2: C:/Users/n/paykari_bazar/test/widgets/basic_widgets_test.dart: Day 5: Widget Tests (30+ tests) 
TextField - Input Components 1. TextField accepts input
01:01 +449 -2: C:/Users/n/paykari_bazar/test/widgets/basic_widgets_test.dart: Day 5: Widget Tests (30+ tests) 
TextField - Input Components 2. TextField with label
01:01 +450 -2: C:/Users/n/paykari_bazar/test/widgets/basic_widgets_test.dart: Day 5: Widget Tests (30+ tests) 
TextField - Input Components 3. TextField validation
01:01 +451 -2: C:/Users/n/paykari_bazar/test/widgets/basic_widgets_test.dart: Day 5: Widget Tests (30+ tests) List & 
Grid - Data Display 1. ListView renders multiple items
01:01 +452 -2: C:/Users/n/paykari_bazar/test/widgets/basic_widgets_test.dart: Day 5: Widget Tests (30+ tests) List & 
Grid - Data Display 2. GridView renders grid items
01:01 +453 -2: C:/Users/n/paykari_bazar/test/widgets/basic_widgets_test.dart: Day 5: Widget Tests (30+ tests) List & 
Grid - Data Display 3. ListView with horizontal scroll
01:02 +454 -2: C:/Users/n/paykari_bazar/test/widgets/basic_widgets_test.dart: Day 5: Widget Tests (30+ tests) Card - 
Content Cards 1. Card renders correctly
01:02 +455 -2: C:/Users/n/paykari_bazar/test/widgets/basic_widgets_test.dart: Day 5: Widget Tests (30+ tests) Card - 
Content Cards 2. Card with elevation shadow
01:02 +456 -2: C:/Users/n/paykari_bazar/test/widgets/basic_widgets_test.dart: Day 5: Widget Tests (30+ tests) Card - 
Content Cards 3. Card with gesture detector
01:02 +457 -2: C:/Users/n/paykari_bazar/test/widgets/basic_widgets_test.dart: Day 5: Widget Tests (30+ tests) Dialog - 
Modal Components 1. AlertDialog renders
01:02 +458 -2: C:/Users/n/paykari_bazar/test/widgets/basic_widgets_test.dart: Day 5: Widget Tests (30+ tests) Dialog - 
Modal Components 2. Dialog actions respond to tap
01:02 +459 -2: C:/Users/n/paykari_bazar/test/widgets/basic_widgets_test.dart: Day 5: Widget Tests (30+ tests) Dialog - 
Modal Components 3. SimpleDialog displays options
01:03 +460 -2: C:/Users/n/paykari_bazar/test/widgets/basic_widgets_test.dart: Day 5: Widget Tests (30+ tests) AppBar - 
Navigation Header 1. AppBar displays title and actions
01:03 +461 -2: C:/Users/n/paykari_bazar/test/widgets/cart_screen_test.dart: CartScreen Widget Tests renders empty cart 
state
01:03 +462 -2: C:/Users/n/paykari_bazar/test/widgets/cart_screen_test.dart: CartScreen Widget Tests renders empty cart 
state
01:03 +463 -2: C:/Users/n/paykari_bazar/test/widgets/cart_screen_test.dart: CartScreen Widget Tests renders empty cart 
state
01:03 +464 -2: C:/Users/n/paykari_bazar/test/widgets/cart_screen_test.dart: CartScreen Widget Tests renders empty cart 
state
01:04 +465 -2: C:/Users/n/paykari_bazar/test/widgets/cart_screen_test.dart: CartScreen Widget Tests renders empty cart 
state
01:04 +466 -2: C:/Users/n/paykari_bazar/test/widgets/cart_screen_test.dart: CartScreen Widget Tests renders empty cart 
state
01:04 +467 -2: C:/Users/n/paykari_bazar/test/widgets/basic_widgets_test.dart: Day 5: Widget Tests (30+ tests) Form - 
Input Forms 1. Form with multiple fields
01:04 +468 -2: C:/Users/n/paykari_bazar/test/widgets/cart_screen_test.dart: CartScreen Widget Tests renders cart items 
with quantities and prices
01:04 +469 -2: C:/Users/n/paykari_bazar/test/widgets/cart_screen_test.dart: CartScreen Widget Tests renders cart items 
with quantities and prices
01:04 +470 -2: C:/Users/n/paykari_bazar/test/widgets/cart_screen_test.dart: CartScreen Widget Tests renders cart items 
with quantities and prices
01:04 +471 -2: C:/Users/n/paykari_bazar/test/widgets/basic_widgets_test.dart: Day 5: Widget Tests (30+ tests) 
Navigation - Screen Navigation 1. Navigator push and pop
01:04 +472 -2: C:/Users/n/paykari_bazar/test/widgets/cart_screen_test.dart: CartScreen Widget Tests increase quantity 
when plus button tapped
01:04 +473 -2: C:/Users/n/paykari_bazar/test/widgets/cart_screen_test.dart: CartScreen Widget Tests increase quantity 
when plus button tapped
01:04 +474 -2: C:/Users/n/paykari_bazar/test/widgets/cart_screen_test.dart: CartScreen Widget Tests increase quantity 
when plus button tapped
01:04 +475 -2: C:/Users/n/paykari_bazar/test/widgets/cart_screen_test.dart: CartScreen Widget Tests increase quantity 
when plus button tapped
01:04 +476 -2: C:/Users/n/paykari_bazar/test/widgets/cart_screen_test.dart: CartScreen Widget Tests increase quantity 
when plus button tapped
01:05 +477 -2: C:/Users/n/paykari_bazar/test/widgets/cart_screen_test.dart: CartScreen Widget Tests increase quantity 
when plus button tapped
01:05 +478 -2: C:/Users/n/paykari_bazar/test/widgets/cart_screen_test.dart: CartScreen Widget Tests decrease quantity 
when minus button tapped
01:05 +479 -2: C:/Users/n/paykari_bazar/test/widgets/cart_screen_test.dart: CartScreen Widget Tests displays order 
summary with totals
01:05 +480 -2: C:/Users/n/paykari_bazar/test/widgets/cart_screen_test.dart: CartScreen Widget Tests displays discount 
row when discount > 0
01:05 +481 -2: C:/Users/n/paykari_bazar/test/widgets/cart_screen_test.dart: CartScreen Widget Tests checkout button 
opens checkout bottom sheet when tapped
01:05 +482 -2: C:/Users/n/paykari_bazar/test/widgets/cart_screen_test.dart: CartScreen Widget Tests empty cart shop 
now button navigates home
01:07 +483 -2: C:/Users/n/paykari_bazar/test/widgets/consumer_widgets_test.dart: Day 5: Advanced Consumer Widget Tests 
(20+ tests) ConsumerWidget - Riverpod Integration 1. ConsumerWidget renders with provider data
01:08 +484 -2: C:/Users/n/paykari_bazar/test/widgets/flash_sale_timer_test.dart: FlashSaleTimer Widget Tests 
Initialization and Rendering renders FlashSaleTimer with future end time
01:08 +485 -2: C:/Users/n/paykari_bazar/test/widgets/flash_sale_timer_test.dart: FlashSaleTimer Widget Tests 
Initialization and Rendering renders FlashSaleTimer with future end time
01:08 +486 -2: C:/Users/n/paykari_bazar/test/widgets/flash_sale_timer_test.dart: FlashSaleTimer Widget Tests 
Initialization and Rendering renders SizedBox.shrink when time is zero (Duration.zero)
01:08 +487 -2: C:/Users/n/paykari_bazar/test/widgets/flash_sale_timer_test.dart: FlashSaleTimer Widget Tests 
Initialization and Rendering displays correct format with hours, minutes, seconds
01:08 +488 -2: C:/Users/n/paykari_bazar/test/widgets/flash_sale_timer_test.dart: FlashSaleTimer Widget Tests 
Duration.zero Handling (Fixed Bug) handles Duration.zero correctly without calling isZero getter
01:08 +489 -2: C:/Users/n/paykari_bazar/test/widgets/flash_sale_timer_test.dart: FlashSaleTimer Widget Tests 
Duration.zero Handling (Fixed Bug) correctly compares _timeLeft == Duration.zero instead of using isZero
01:08 +490 -2: C:/Users/n/paykari_bazar/test/widgets/flash_sale_timer_test.dart: FlashSaleTimer Widget Tests Timer 
Countdown Functionality updates countdown every second
01:08 +491 -2: C:/Users/n/paykari_bazar/test/widgets/flash_sale_timer_test.dart: FlashSaleTimer Widget Tests Timer 
Countdown Functionality properly formats digit padding (leading zeros)
01:09 +492 -2: C:/Users/n/paykari_bazar/test/widgets/flash_sale_timer_test.dart: FlashSaleTimer Widget Tests Timer 
Countdown Functionality stops timer in dispose
01:09 +493 -2: C:/Users/n/paykari_bazar/test/widgets/flash_sale_timer_test.dart: FlashSaleTimer Widget Tests UI 
Elements and Styling displays all required UI elements
01:09 +494 -2: C:/Users/n/paykari_bazar/test/widgets/consumer_widgets_test.dart: Day 5: Advanced Consumer Widget Tests 
(20+ tests) ConsumerWidget - Riverpod Integration 3. Multiple ConsumerWidgets with same provider
01:09 +495 -2: C:/Users/n/paykari_bazar/test/widgets/consumer_widgets_test.dart: Day 5: Advanced Consumer Widget Tests 
(20+ tests) ConsumerWidget - Riverpod Integration 3. Multiple ConsumerWidgets with same provider
01:09 +496 -2: C:/Users/n/paykari_bazar/test/widgets/consumer_widgets_test.dart: Day 5: Advanced Consumer Widget Tests 
(20+ tests) ConsumerWidget - Riverpod Integration 3. Multiple ConsumerWidgets with same provider
01:09 +497 -2: C:/Users/n/paykari_bazar/test/widgets/consumer_widgets_test.dart: Day 5: Advanced Consumer Widget Tests 
(20+ tests) ConsumerWidget - Riverpod Integration 3. Multiple ConsumerWidgets with same provider
01:09 +498 -2: C:/Users/n/paykari_bazar/test/widgets/consumer_widgets_test.dart: Day 5: Advanced Consumer Widget Tests 
(20+ tests) ConsumerWidget - Riverpod Integration 3. Multiple ConsumerWidgets with same provider
01:09 +499 -2: C:/Users/n/paykari_bazar/test/widgets/consumer_widgets_test.dart: Day 5: Advanced Consumer Widget Tests 
(20+ tests) ConsumerWidget - Riverpod Integration 3. Multiple ConsumerWidgets with same provider
01:09 +500 -2: C:/Users/n/paykari_bazar/test/widgets/consumer_widgets_test.dart: Day 5: Advanced Consumer Widget Tests 
(20+ tests) ConsumerWidget - Riverpod Integration 3. Multiple ConsumerWidgets with same provider
01:09 +501 -2: C:/Users/n/paykari_bazar/test/widgets/consumer_widgets_test.dart: Day 5: Advanced Consumer Widget Tests 
(20+ tests) ConsumerWidget - Riverpod Integration 3. Multiple ConsumerWidgets with same provider
01:09 +502 -2: C:/Users/n/paykari_bazar/test/widgets/consumer_widgets_test.dart: Day 5: Advanced Consumer Widget Tests 
(20+ tests) ConsumerWidget - Riverpod Integration 3. Multiple ConsumerWidgets with same provider
01:09 +503 -2: C:/Users/n/paykari_bazar/test/widgets/consumer_widgets_test.dart: Day 5: Advanced Consumer Widget Tests 
(20+ tests) Mock Cart - Shopping Cart Widgets 1. CartWidget displays empty cart
01:09 +504 -2: C:/Users/n/paykari_bazar/test/widgets/consumer_widgets_test.dart: Day 5: Advanced Consumer Widget Tests 
(20+ tests) Mock Cart - Shopping Cart Widgets 2. CartWidget displays items
01:10 +505 -2: C:/Users/n/paykari_bazar/test/widgets/consumer_widgets_test.dart: Day 5: Advanced Consumer Widget Tests 
(20+ tests) Mock Cart - Shopping Cart Widgets 3. CartWidget add item button
01:10 +506 -2: C:/Users/n/paykari_bazar/test/widgets/consumer_widgets_test.dart: Day 5: Advanced Consumer Widget Tests 
(20+ tests) Mock Cart - Shopping Cart Widgets 4. CartWidget remove item button
01:10 +507 -2: C:/Users/n/paykari_bazar/test/widgets/consumer_widgets_test.dart: Day 5: Advanced Consumer Widget Tests 
(20+ tests) Product Display - Product List & Details 1. ProductCard renders with image and price
01:10 +508 -2: C:/Users/n/paykari_bazar/test/widgets/consumer_widgets_test.dart: Day 5: Advanced Consumer Widget Tests 
(20+ tests) Product Display - Product List & Details 2. ProductCard with favorite button
01:11 +509 -2: C:/Users/n/paykari_bazar/test/widgets/consumer_widgets_test.dart: Day 5: Advanced Consumer Widget Tests 
(20+ tests) Product Display - Product List & Details 3. Product filter chips
01:11 +510 -2: C:/Users/n/paykari_bazar/test/widgets/consumer_widgets_test.dart: Day 5: Advanced Consumer Widget Tests 
(20+ tests) Product Display - Product List & Details 4. Product list grid view
01:11 +511 -2: C:/Users/n/paykari_bazar/test/widgets/consumer_widgets_test.dart: Day 5: Advanced Consumer Widget Tests 
(20+ tests) Order Display - Order Screen 1. OrderCard displays order details
01:11 +512 -2: C:/Users/n/paykari_bazar/test/widgets/consumer_widgets_test.dart: Day 5: Advanced Consumer Widget Tests 
(20+ tests) Order Display - Order Screen 2. OrdersList renders multiple orders
01:12 +513 -2: C:/Users/n/paykari_bazar/test/widgets/consumer_widgets_test.dart: Day 5: Advanced Consumer Widget Tests 
(20+ tests) Order Display - Order Screen 3. OrdersScreen empty state
01:12 +514 -2: C:/Users/n/paykari_bazar/test/widgets/consumer_widgets_test.dart: Day 5: Advanced Consumer Widget Tests 
(20+ tests) Checkout - Payment & Address Forms 1. Address selection dropdown
01:12 +515 -2: C:/Users/n/paykari_bazar/test/widgets/consumer_widgets_test.dart: Day 5: Advanced Consumer Widget Tests 
(20+ tests) Checkout - Payment & Address Forms 2. Payment method selection
01:12 +516 -2: C:/Users/n/paykari_bazar/test/widgets/consumer_widgets_test.dart: Day 5: Advanced Consumer Widget Tests 
(20+ tests) Checkout - Payment & Address Forms 3. Checkout summary display
01:12 +517 -2: C:/Users/n/paykari_bazar/test/widgets/consumer_widgets_test.dart: Day 5: Advanced Consumer Widget Tests 
(20+ tests) Profile & Settings - User Account 1. Profile header with user info
01:12 +518 -2: C:/Users/n/paykari_bazar/test/widgets/consumer_widgets_test.dart: Day 5: Advanced Consumer Widget Tests 
(20+ tests) Profile & Settings - User Account 2. Profile settings menu
01:12 +519 -2: C:/Users/n/paykari_bazar/test/widgets/consumer_widgets_test.dart: Day 5: Advanced Consumer Widget Tests 
(20+ tests) Profile & Settings - User Account 3. Profile edit form
01:13 +520 -2: C:/Users/n/paykari_bazar/test/widgets/home_screen_test.dart: Home Screen Widget Tests Home Screen - 
Layout 1. Home screen renders with AppBar and body
01:14 +521 -2: C:/Users/n/paykari_bazar/test/widgets/home_screen_test.dart: Home Screen Widget Tests Home Screen - 
Layout 2. Home screen has search bar
01:14 +522 -2: C:/Users/n/paykari_bazar/test/widgets/home_screen_test.dart: Home Screen Widget Tests Home Screen - 
Layout 3. Home screen displays categories
01:14 +523 -2: C:/Users/n/paykari_bazar/test/widgets/home_screen_test.dart: Home Screen Widget Tests Home Screen - 
Layout 4. Home screen has bottom navigation
01:14 +524 -2: C:/Users/n/paykari_bazar/test/widgets/home_screen_test.dart: Home Screen Widget Tests Home Screen - 
Product Display 1. Featured products displayed in grid
01:14 +525 -2: C:/Users/n/paykari_bazar/test/widgets/home_screen_test.dart: Home Screen Widget Tests Home Screen - 
Product Display 2. Product card shows image, name, and price
01:14 +526 -2: C:/Users/n/paykari_bazar/test/widgets/home_screen_test.dart: Home Screen Widget Tests Home Screen - 
Product Display 3. Add to cart button is functional
01:15 +527 -2: C:/Users/n/paykari_bazar/test/widgets/home_screen_test.dart: Home Screen Widget Tests Home Screen - 
Featured Sections 1. Banner carousel displays
01:15 +528 -2: C:/Users/n/paykari_bazar/test/widgets/home_screen_test.dart: Home Screen Widget Tests Home Screen - 
Featured Sections 2. Flash sale section visible
01:15 +529 -2: C:/Users/n/paykari_bazar/test/widgets/home_screen_test.dart: Home Screen Widget Tests Home Screen - 
Featured Sections 3. Recommended for you section
01:15 +530 -2: C:/Users/n/paykari_bazar/test/widgets/home_screen_test.dart: Home Screen Widget Tests Home Screen - 
Featured Sections 4. Special offers visible
01:15 +531 -2: C:/Users/n/paykari_bazar/test/widgets/home_screen_test.dart: Home Screen Widget Tests Home Screen - 
User Interactions 1. Product card tap navigates to details
01:15 +532 -2: C:/Users/n/paykari_bazar/test/widgets/home_screen_test.dart: Home Screen Widget Tests Home Screen - 
User Interactions 2. Search bar input works
01:15 +533 -2: C:/Users/n/paykari_bazar/test/widgets/home_screen_test.dart: Home Screen Widget Tests Home Screen - 
User Interactions 3. Category selection works
01:16 +534 -2: C:/Users/n/paykari_bazar/test/widgets/home_widgets_test.dart: Home Widgets Tests BannerSlider renders 
empty SizedBox when banners list is empty
01:17 +535 -2: C:/Users/n/paykari_bazar/test/widgets/home_widgets_test.dart: Home Widgets Tests BannerSlider renders 
PageView with correct height when banners provided
01:17 +536 -2: C:/Users/n/paykari_bazar/test/widgets/home_widgets_test.dart: Home Widgets Tests BannerSlider has 
correct padding and margins
01:17 +537 -2: C:/Users/n/paykari_bazar/test/widgets/home_widgets_test.dart: Home Widgets Tests SectionHeader renders 
title and view all button
01:17 +538 -2: C:/Users/n/paykari_bazar/test/widgets/home_widgets_test.dart: Home Widgets Tests SectionHeader calls 
onTap when view all button is pressed
01:18 +539 -2: C:/Users/n/paykari_bazar/test/widgets/home_widgets_test.dart: Home Widgets Tests SectionHeader has 
correct text styling
01:18 +540 -2: C:/Users/n/paykari_bazar/test/widgets/home_widgets_test.dart: Home Widgets Tests SectionHeader has 
correct padding
01:18 +541 -2: C:/Users/n/paykari_bazar/test/widgets/home_widgets_test.dart: Home Widgets Tests ProductHorizontalList 
renders empty message when products list is empty
01:18 +542 -2: C:/Users/n/paykari_bazar/test/widgets/home_widgets_test.dart: Home Widgets Tests ProductHorizontalList 
renders ListView when products provided
01:18 +543 -2: C:/Users/n/paykari_bazar/test/widgets/home_widgets_test.dart: Home Widgets Tests ProductHorizontalList 
renders correct number of product cards
01:18 +544 -2: C:/Users/n/paykari_bazar/test/widgets/home_widgets_test.dart: Home Widgets Tests ProductHorizontalList 
has correct scroll direction (horizontal)
01:18 +545 -2: C:/Users/n/paykari_bazar/test/widgets/home_widgets_test.dart: Home Widgets Tests ProductHorizontalList 
has proper item margins and padding
01:18 +546 -2: C:/Users/n/paykari_bazar/test/widgets/home_widgets_test.dart: Home Widgets Tests Home Widgets 
Integration renders multiple home widgets without BoxDecoration opacity errors
01:18 +547 -2: C:/Users/n/paykari_bazar/test/widgets/login_screen_test.dart: Login Screen Widget Tests Login Form - 
Rendering 1. Login screen renders with email and password fields
01:19 +548 -2: C:/Users/n/paykari_bazar/test/widgets/login_screen_test.dart: Login Screen Widget Tests Login Form - 
Rendering 2. Login button is initially disabled
01:20 +549 -2: C:/Users/n/paykari_bazar/test/widgets/login_screen_test.dart: Login Screen Widget Tests Login Form - 
Rendering 3. Password field obscures text
01:20 +550 -2: C:/Users/n/paykari_bazar/test/widgets/login_screen_test.dart: Login Screen Widget Tests Login Form - 
User Input 1. User can enter email
01:20 +551 -2: C:/Users/n/paykari_bazar/test/widgets/product_detail_screen_test.dart: Product Detail Screen Widget 
Tests Product Detail - Information Display 1. Product detail screen displays product name
01:20 +552 -2: C:/Users/n/paykari_bazar/test/widgets/product_detail_screen_test.dart: Product Detail Screen Widget 
Tests Product Detail - Information Display 1. Product detail screen displays product name
01:21 +553 -2: C:/Users/n/paykari_bazar/test/widgets/product_detail_screen_test.dart: Product Detail Screen Widget 
Tests Product Detail - Information Display 1. Product detail screen displays product name
01:21 +554 -2: C:/Users/n/paykari_bazar/test/widgets/product_detail_screen_test.dart: Product Detail Screen Widget 
Tests Product Detail - Information Display 1. Product detail screen displays product name
01:22 +555 -2: C:/Users/n/paykari_bazar/test/widgets/login_screen_test.dart: Login Screen Widget Tests Login Form - 
Authentication 1. Login button triggers authentication
01:22 +556 -2: C:/Users/n/paykari_bazar/test/widgets/login_screen_test.dart: Login Screen Widget Tests Login Form - 
Authentication 1. Login button triggers authentication
01:22 +557 -2: C:/Users/n/paykari_bazar/test/widgets/product_detail_screen_test.dart: Product Detail Screen Widget 
Tests Product Detail - Information Display 3. Product detail shows description
01:22 +558 -2: C:/Users/n/paykari_bazar/test/widgets/login_screen_test.dart: Login Screen Widget Tests Login Form - 
Authentication 2. Loading indicator shows during login
01:22 +559 -2: C:/Users/n/paykari_bazar/test/widgets/product_detail_screen_test.dart: Product Detail Screen Widget 
Tests Product Detail - Information Display 4. Shows in-stock status
01:22 +560 -2: C:/Users/n/paykari_bazar/test/widgets/login_screen_test.dart: Login Screen Widget Tests Login Form - 
Authentication 3. Error message displays on login failure
01:22 +561 -2: C:/Users/n/paykari_bazar/test/widgets/product_detail_screen_test.dart: Product Detail Screen Widget 
Tests Product Detail - Images & Variants 1. Image carousel displays
01:22 +562 -2: C:/Users/n/paykari_bazar/test/widgets/login_screen_test.dart: Login Screen Widget Tests Login Form - 
Authentication 4. Forgot password link is accessible
01:22 +563 -2: C:/Users/n/paykari_bazar/test/widgets/product_detail_screen_test.dart: Product Detail Screen Widget 
Tests Product Detail - Images & Variants 2. Color variant selector
01:22 +564 -2: C:/Users/n/paykari_bazar/test/widgets/product_detail_screen_test.dart: Product Detail Screen Widget 
Tests Product Detail - Images & Variants 2. Color variant selector
01:22 +565 -2: C:/Users/n/paykari_bazar/test/widgets/login_screen_test.dart: Login Screen Widget Tests Login Form - 
Sign Up Navigation 2. Sign up button is tappable
01:23 +566 -2: C:/Users/n/paykari_bazar/test/widgets/product_detail_screen_test.dart: Product Detail Screen Widget 
Tests Product Detail - Images & Variants 3. Size variant selector
01:23 +567 -2: C:/Users/n/paykari_bazar/test/widgets/login_screen_test.dart: Login Screen Widget Tests Login Form - 
Sign Up Navigation 3. Social login options available
01:23 +568 -2: C:/Users/n/paykari_bazar/test/widgets/product_detail_screen_test.dart: Product Detail Screen Widget 
Tests Product Detail - Actions 1. Add to cart button is prominent
01:23 +569 -2: C:/Users/n/paykari_bazar/test/widgets/login_screen_test.dart: Login Screen Widget Tests Login Form - 
Sign Up Navigation 4. Remember me checkbox is present
01:23 +570 -2: C:/Users/n/paykari_bazar/test/widgets/product_detail_screen_test.dart: Product Detail Screen Widget 
Tests Product Detail - Actions 2. Add to wishlist button works
01:23 +571 -2: C:/Users/n/paykari_bazar/test/widgets/product_detail_screen_test.dart: Product Detail Screen Widget 
Tests Product Detail - Actions 3. Quantity selector works
01:23 +572 -2: C:/Users/n/paykari_bazar/test/widgets/product_detail_screen_test.dart: Product Detail Screen Widget 
Tests Product Detail - Related & Reviews 1. Related products section visible
01:23 +573 -2: C:/Users/n/paykari_bazar/test/widgets/product_detail_screen_test.dart: Product Detail Screen Widget 
Tests Product Detail - Related & Reviews 2. Reviews section visible
01:27 +574 -2: C:/Users/n/paykari_bazar/test/widgets/widget_test.dart: App widget can be instantiated
01:27 +575 -2: Some tests failed.


